// Jest Snapshot v1, https://goo.gl/fbAQLP

exports[`Button renders without errors and matches snapshot 1`] = `
<button
  class="button  "
>
  Button
</button>
`;
