// Jest Snapshot v1, https://goo.gl/fbAQLP

exports[`Checkbox renders without errors and matches snapshot 1`] = `
<label
  class="checkbox  "
>
  <input
    type="checkbox"
  />
  <div
    class="checkbox__toggle"
  />
  Checkbox label
</label>
`;
