// Jest Snapshot v1, https://goo.gl/fbAQLP

exports[`Header renders without errors and matches snapshot 1`] = `
<header
  class="header"
>
  <h1>
    Let's play the nerdiest slot machine on the earth!!!
  </h1>
  <button
    aria-label="Share JS Slots"
    class="button "
    title="Share JS Slots"
  >
    <svg
      viewBox="0 -22 512 511"
      xmlns="http://www.w3.org/2000/svg"
    >
      <path
        d="m512 233.82-212.78-233.32v139.2h-45.238c-140.27 0-253.98 113.71-253.98 253.98v73.77l20.094-22.02c68.316-74.852 164.98-117.5 266.32-117.5h12.805v139.2z"
      />
    </svg>
  </button>
</header>
`;
